vite v7.1.9 building for production...
transforming...
✓ 2091 modules transformed.
rendering chunks...
computing gzip size...
../dist/public/index.html                                           0.67 kB │ gzip:   0.39 kB
../dist/public/assets/index-DxgdoPRE.css                          135.65 kB │ gzip:  24.98 kB
../dist/public/assets/postprocess.vertex-CEc_0T5x.js                0.46 kB │ gzip:   0.31 kB
../dist/public/assets/rgbdDecode.fragment-fLPst28r.js               0.53 kB │ gzip:   0.35 kB
../dist/public/assets/postprocess.vertex-CYzuQENJ.js                0.58 kB │ gzip:   0.36 kB
../dist/public/assets/rgbdDecode.fragment-CtHgX9KL.js               0.67 kB │ gzip:   0.39 kB
../dist/public/assets/color.fragment-Dt0d2WaU.js                    0.89 kB │ gzip:   0.43 kB
../dist/public/assets/mesh.vertexData.functions-ayNlGC5K.js         0.96 kB │ gzip:   0.49 kB
../dist/public/assets/color.fragment-C-VPeOKI.js                    1.00 kB │ gzip:   0.46 kB
../dist/public/assets/ddsTextureLoader-BbgIPefw.js                  1.31 kB │ gzip:   0.64 kB
../dist/public/assets/color.vertex-Dn3Qh3Ki.js                      1.36 kB │ gzip:   0.61 kB
../dist/public/assets/color.vertex-4LxfR6Me.js                      1.42 kB │ gzip:   0.62 kB
../dist/public/assets/logDepthDeclaration-oXBvCl1h.js               2.17 kB │ gzip:   0.85 kB
../dist/public/assets/fogFragment-C_hGjZzQ.js                       2.20 kB │ gzip:   0.70 kB
../dist/public/assets/dds-DxxqoxQ9.js                               2.38 kB │ gzip:   1.23 kB
../dist/public/assets/hdrTextureLoader-BGQvgh0h.js                  2.39 kB │ gzip:   1.14 kB
../dist/public/assets/fogFragment-__LuF-7B.js                       2.43 kB │ gzip:   0.75 kB
../dist/public/assets/logDepthDeclaration-thCltEFW.js               2.55 kB │ gzip:   0.85 kB
../dist/public/assets/iesTextureLoader-yt_BDrYE.js                  2.70 kB │ gzip:   1.17 kB
../dist/public/assets/tgaTextureLoader-B-VMbdtb.js                  3.53 kB │ gzip:   1.38 kB
../dist/public/assets/cubemapToSphericalPolynomial-CSbF6nEc.js      3.67 kB │ gzip:   1.63 kB
../dist/public/assets/helperFunctions-BxA0Zwnm.js                   6.49 kB │ gzip:   2.17 kB
../dist/public/assets/helperFunctions-YxlH8IxA.js                   6.80 kB │ gzip:   2.29 kB
../dist/public/assets/dds.pure-BCEMvX62.js                          7.05 kB │ gzip:   2.47 kB
../dist/public/assets/vertexColorMixing-CcI5uDVH.js                10.42 kB │ gzip:   2.15 kB
../dist/public/assets/vertexColorMixing-BMqzBNnu.js                11.75 kB │ gzip:   2.18 kB
../dist/public/assets/exrTextureLoader-DLWMgfW2.js                 14.19 kB │ gzip:   5.21 kB
../dist/public/assets/ktxTextureLoader-Dr2wXA0L.js                 16.42 kB │ gzip:   4.77 kB
../dist/public/assets/default.vertex-Chk6OXJ6.js                   19.67 kB │ gzip:   4.36 kB
../dist/public/assets/basisTextureLoader-B4Co8erg.js               27.33 kB │ gzip:   8.28 kB
../dist/public/assets/envTextureLoader-DojT6Y3_.js                 31.68 kB │ gzip:   9.00 kB
../dist/public/assets/default.vertex-Cknj9ShL.js                   38.09 kB │ gzip:   6.29 kB
../dist/public/assets/default.fragment-58WYe768.js                105.80 kB │ gzip:  21.49 kB
../dist/public/assets/default.fragment-C8LohAZ7.js                113.40 kB │ gzip:  21.68 kB
../dist/public/assets/index-C1PjYZFa.js                         1,501.16 kB │ gzip: 396.59 kB

(!) Some chunks are larger than 500 kB after minification. Consider:
- Using dynamic import() to code-split the application
- Use build.rollupOptions.output.manualChunks to improve chunking: https://rollupjs.org/configuration-options/#output-manualchunks
- Adjust chunk size limit for this warning via build.chunkSizeWarningLimit.
✓ built in 15.44s
